========================================================================================================================
FSR V3 ACTIVE TRAIT AUDIT — KNOCKDOWN RESISTANCE
========================================================================================================================
rows=5,721 pre-2022=1,757
TOP VALIDATION RHO/SIGMA
  rho  sigma      beta  rows  fights     total_ll   mean_ll
0.005   0.70 -5.342321  1802     906 -1118.069463 -0.620460
0.010   0.70 -5.250080  1802     906 -1118.469065 -0.620682
0.005   0.90 -5.342321  1802     906 -1118.544038 -0.620724
0.010   0.90 -5.250080  1802     906 -1120.452081 -0.621783
0.010   0.50 -5.250080  1802     906 -1122.393201 -0.622860
0.005   0.50 -5.342321  1802     906 -1124.077077 -0.623794
0.010   0.35 -5.250080  1802     906 -1128.446666 -0.626219
0.020   0.70 -5.092599  1802     906 -1128.950017 -0.626498
0.020   0.50 -5.092599  1802     906 -1130.668697 -0.627452
0.005   0.35 -5.342321  1802     906 -1131.997702 -0.628190
0.020   0.90 -5.092599  1802     906 -1132.565281 -0.628505
0.010   0.25 -5.250080  1802     906 -1132.606382 -0.628527
selected rho=0.005 sigma=0.7 beta=-5.342321
EPISTEMIC C
   c               window  rows  fights     total_ll   mean_ll
0.00 validation_2022_2023  1802     906 -1125.783375 -0.624741
0.00     holdout_2024plus  2162    1094 -1343.433625 -0.621385
0.25 validation_2022_2023  1802     906 -1122.828718 -0.623101
0.25     holdout_2024plus  2162    1094 -1340.523475 -0.620039
0.50 validation_2022_2023  1802     906 -1120.558967 -0.621842
0.50     holdout_2024plus  2162    1094 -1338.343138 -0.619030
0.75 validation_2022_2023  1802     906 -1118.976282 -0.620964
0.75     holdout_2024plus  2162    1094 -1336.875887 -0.618351
1.00 validation_2022_2023  1802     906 -1118.069463 -0.620460
1.00     holdout_2024plus  2162    1094 -1336.098338 -0.617992
1.25 validation_2022_2023  1802     906 -1117.812094 -0.620317
1.25     holdout_2024plus  2162    1094 -1335.978645 -0.617936
selected c=1.25
HOLDOUT selected vs population LL=+25.402 CI[+11.530,+40.297] P>0=1.000
HOLDOUT selected vs legacy KDRES LL=+10.970 CI[-0.007,+22.302] P>0=0.975
prior_bucket   rows  fights  delta_ll_vs_population  delta_ll_vs_legacy  plugin_mae_kd  legacy_mae_kd
           0  306.0   259.0                2.543648            2.551201       0.330571       0.330552
           1  251.0   230.0               -3.310399           -3.353139       0.289376       0.285650
           2  219.0   207.0                6.056202            4.743075       0.355637       0.355365
       3plus 1386.0   883.0               20.112986            7.029129       0.350164       0.356429
artifacts: data/diagnostics/fsr_v3/active_trait_audit/kd_resistance
