========================================================================================================================
FSR V3 ACTIVE TRAIT AUDIT — SUBMISSION CONVERSION OFFENSE/DEFENSE
========================================================================================================================
attempt-active fighter-fights=2,990
TOP VALIDATION SIGMAS
 sigma_offense  sigma_defense  rows  fights    total_ll   mean_ll
           0.8           1.25   374     340 -245.009901 -0.655107
           0.8           1.00   374     340 -245.116591 -0.655392
           0.6           1.25   374     340 -245.466199 -0.656327
           1.0           1.25   374     340 -245.583487 -0.656640
           1.0           1.00   374     340 -245.665450 -0.656859
           0.8           1.50   374     340 -245.676491 -0.656889
           0.6           1.00   374     340 -245.712598 -0.656986
           0.8           0.80   374     340 -245.900663 -0.657488
           0.6           1.50   374     340 -246.059765 -0.657914
           1.0           1.50   374     340 -246.233330 -0.658378
           1.0           0.80   374     340 -246.380749 -0.658772
           0.6           0.80   374     340 -246.678943 -0.659569
selected sigma_offense=0.8 sigma_defense=1.25
EPISTEMIC C
   c               window  rows  fights    total_ll   mean_ll
0.00 validation_2022_2023   374     340 -252.464319 -0.675038
0.00     holdout_2024plus   426     383 -281.155648 -0.659990
0.25 validation_2022_2023   374     340 -249.148235 -0.666172
0.25     holdout_2024plus   426     383 -277.727970 -0.651944
0.50 validation_2022_2023   374     340 -247.153287 -0.660838
0.50     holdout_2024plus   426     383 -275.848262 -0.647531
0.75 validation_2022_2023   374     340 -245.869074 -0.657404
0.75     holdout_2024plus   426     383 -274.732739 -0.644913
1.00 validation_2022_2023   374     340 -245.009901 -0.655107
1.00     holdout_2024plus   426     383 -274.051961 -0.643314
1.25 validation_2022_2023   374     340 -244.422953 -0.653537
1.25     holdout_2024plus   426     383 -273.639298 -0.642346
1.50 validation_2022_2023   374     340 -244.019022 -0.652457
1.50     holdout_2024plus   426     383 -273.400960 -0.641786
2.00 validation_2022_2023   374     340 -243.557784 -0.651224
2.00     holdout_2024plus   426     383 -273.241058 -0.641411
3.00 validation_2022_2023   374     340 -243.340924 -0.650644
3.00     holdout_2024plus   426     383 -273.519999 -0.642066
selected c=3
HOLDOUT vs population conversion baseline LL=+3.948 CI[-8.320,+15.626] P>0=0.741
HOLDOUT vs inherited V2 offense/defense LL=+2.897 CI[-7.579,+13.179] P>0=0.698
prior_bucket  rows  fights  delta_ll_vs_population  delta_ll_vs_legacy
           0 159.0   150.0                2.439624            2.236579
           1  82.0    79.0                2.491543            2.136709
           2  52.0    51.0               -2.393456           -2.462408
       3plus 133.0   126.0                1.410053            0.986383
artifacts: data/diagnostics/fsr_v3/active_trait_audit/submission_conversion
